------------------------------------------------------------
Timing Analyzer Summary
------------------------------------------------------------

Type  : Slow 1100mV 85C Model Setup 'divisorClk:dv|clock_25'
Slack : -3.880
TNS   : -567.610

Type  : Slow 1100mV 85C Model Setup 'clk'
Slack : -0.818
TNS   : -1.860

Type  : Slow 1100mV 85C Model Hold 'divisorClk:dv|clock_25'
Slack : 0.330
TNS   : 0.000

Type  : Slow 1100mV 85C Model Hold 'clk'
Slack : 0.568
TNS   : 0.000

Type  : Slow 1100mV 85C Model Minimum Pulse Width 'clk'
Slack : -0.426
TNS   : -2.455

Type  : Slow 1100mV 85C Model Minimum Pulse Width 'divisorClk:dv|clock_25'
Slack : -0.394
TNS   : -116.704

Type  : Slow 1100mV 0C Model Setup 'divisorClk:dv|clock_25'
Slack : -3.763
TNS   : -555.393

Type  : Slow 1100mV 0C Model Setup 'clk'
Slack : -0.764
TNS   : -1.791

Type  : Slow 1100mV 0C Model Hold 'divisorClk:dv|clock_25'
Slack : 0.329
TNS   : 0.000

Type  : Slow 1100mV 0C Model Hold 'clk'
Slack : 0.550
TNS   : 0.000

Type  : Slow 1100mV 0C Model Minimum Pulse Width 'clk'
Slack : -0.452
TNS   : -2.530

Type  : Slow 1100mV 0C Model Minimum Pulse Width 'divisorClk:dv|clock_25'
Slack : -0.394
TNS   : -113.531

Type  : Fast 1100mV 85C Model Setup 'divisorClk:dv|clock_25'
Slack : -1.967
TNS   : -272.439

Type  : Fast 1100mV 85C Model Setup 'clk'
Slack : -0.323
TNS   : -0.362

Type  : Fast 1100mV 85C Model Hold 'divisorClk:dv|clock_25'
Slack : 0.160
TNS   : 0.000

Type  : Fast 1100mV 85C Model Hold 'clk'
Slack : 0.292
TNS   : 0.000

Type  : Fast 1100mV 85C Model Minimum Pulse Width 'clk'
Slack : -0.441
TNS   : -1.584

Type  : Fast 1100mV 85C Model Minimum Pulse Width 'divisorClk:dv|clock_25'
Slack : -0.055
TNS   : -2.414

Type  : Fast 1100mV 0C Model Setup 'divisorClk:dv|clock_25'
Slack : -1.750
TNS   : -239.226

Type  : Fast 1100mV 0C Model Setup 'clk'
Slack : -0.225
TNS   : -0.225

Type  : Fast 1100mV 0C Model Hold 'divisorClk:dv|clock_25'
Slack : 0.145
TNS   : 0.000

Type  : Fast 1100mV 0C Model Hold 'clk'
Slack : 0.261
TNS   : 0.000

Type  : Fast 1100mV 0C Model Minimum Pulse Width 'clk'
Slack : -0.449
TNS   : -1.663

Type  : Fast 1100mV 0C Model Minimum Pulse Width 'divisorClk:dv|clock_25'
Slack : -0.007
TNS   : -0.169

------------------------------------------------------------
